src/services/api.ts(12,34): error TS2339: Property 'env' does not exist on type 'ImportMeta'.
